// Jest Snapshot v1, https://goo.gl/fbAQLP

exports[`AppHeader Render authorised <AppHeader> 1`] = `
<DocumentFragment>
  <div
    class="css-1w0hfqs"
    role="topPanel"
  >
    <div
      class="css-ov1ktg"
    >
      <p
        class="css-10vuvr5"
      >
        Игрок: 123
      </p>
      <div
        class="css-1w0hfqs"
        role="userForm"
      >
        <div
          class="css-ov1ktg"
        >
          <button
            class="css-tv5zn1"
            role="buttonReset"
          >
            Сброс
          </button>
          <div
            class="css-1xvr7bb"
          >
            <p>
              Уровень
            </p>
            <select
              name="select"
              role="select"
            >
              <option
                role="option"
                value="1"
              >
                Падаван
              </option>
              <option
                role="option"
                value="2"
              >
                Джедай
              </option>
              <option
                role="option"
                value="3"
              >
                Член Совета Силы
              </option>
            </select>
          </div>
          <button
            class="css-tv5zn1"
            role="buttonLogout"
          >
            Выйти
          </button>
        </div>
      </div>
    </div>
  </div>
</DocumentFragment>
`;

exports[`AppHeader Render unauthorised <AppHeader> 1`] = `
<DocumentFragment>
  <div
    class="css-1w0hfqs"
    role="topPanel"
  >
    <div
      class="css-ov1ktg"
    >
      <p
        class="css-10vuvr5"
      >
        Lines
      </p>
      <div
        class="css-9e74ss"
        role="authForm"
      >
        <form
          action="#"
        >
          <label
            for="login"
          >
            Имя
          </label>
          <input
            id="login"
            name="login"
            placeholder="Введите логин"
            role="login"
            value=""
          />
          <label
            for="password"
          >
            Пароль
          </label>
          <input
            id="password"
            name="password"
            placeholder="Введите пароль"
            role="password"
            value=""
          />
          <button
            disabled=""
            role="buttonLogin"
            type="submit"
          >
            Войти
          </button>
        </form>
      </div>
    </div>
  </div>
</DocumentFragment>
`;
