// Jest Snapshot v1, https://goo.gl/fbAQLP

exports[`UserForm Render <UserForm> 1`] = `
<DocumentFragment>
  <div
    class="css-lgrtma"
    role="userForm"
  >
    <button
      class="css-tv5zn1"
      role="buttonReset"
    >
      Reset
    </button>
    <select
      class="css-tv5zn1"
      name="select"
      role="select"
    >
      <option
        role="option"
        value="1"
      >
        Падаван
      </option>
      <option
        role="option"
        value="2"
      >
        Джедай
      </option>
      <option
        role="option"
        value="3"
      >
        Мастер-джедай
      </option>
      <option
        role="option"
        value="4"
      >
        Член Совета Силы
      </option>
    </select>
    <button
      class="css-tv5zn1"
      role="buttonLogout"
    >
      Выйти
    </button>
  </div>
</DocumentFragment>
`;
