// Jest Snapshot v1, https://goo.gl/fbAQLP

exports[`GameField No render cells, game field size = 0 1`] = `
<DocumentFragment>
  <p
    class="css-5evfw1"
    role="noDataMessage"
  >
    Нет данных!
  </p>
</DocumentFragment>
`;

exports[`GameField renders 9 cells from data:[9 items] 1`] = `
<DocumentFragment>
  <div
    class="css-1kwt2ug"
  >
    <section
      class="css-1v4wim7"
      role="cellsGrid"
    >
      <div
        class="css-1bqu5zx"
        role="cellContainer-0"
      >
        <div
          class="css-zzdbx3"
          role="cellContent-0"
        />
      </div>
      <div
        class="css-g263yg"
        role="cellContainer-1"
      />
      <div
        class="css-g263yg"
        role="cellContainer-2"
      />
      <div
        class="css-g263yg"
        role="cellContainer-3"
      />
      <div
        class="css-g263yg"
        role="cellContainer-4"
      />
      <div
        class="css-g263yg"
        role="cellContainer-5"
      />
      <div
        class="css-g263yg"
        role="cellContainer-6"
      />
      <div
        class="css-g263yg"
        role="cellContainer-7"
      />
      <div
        class="css-v213q6"
        role="cellContainer-8"
      />
      <div
        style="clear: both;"
      />
    </section>
  </div>
</DocumentFragment>
`;
