// Jest Snapshot v1, https://goo.gl/fbAQLP

exports[`UserForm Render form 1`] = `
<DocumentFragment>
  <div
    class="css-1xojm1q"
    role="userForm"
  >
    <div
      class="css-123spcd"
      role="formControls"
    >
      <button
        class="css-tv5zn1"
        role="buttonReset"
      >
        Сброс
      </button>
      <div
        class="css-1xvr7bb"
      >
        <p>
          Уровень
        </p>
        <select
          name="select"
          role="select"
        >
          <option
            role="option"
            value="1"
          >
            Падаван
          </option>
          <option
            role="option"
            value="2"
          >
            Джедай
          </option>
          <option
            role="option"
            value="3"
          >
            Член Совета Силы
          </option>
        </select>
      </div>
    </div>
    <button
      class="css-tv5zn1"
      role="buttonLogout"
    >
      Выйти
    </button>
  </div>
</DocumentFragment>
`;
